// Jest Snapshot v1, https://goo.gl/fbAQLP

exports[`NewsArticle should match the snapshot 1`] = `
<div
  className="NewsArticle"
>
  <img
    alt=""
    className="NewsArticle-img"
  />
  <h2 />
  <p />
  <a
    className="NewsArticle-link"
  >
    Link to article
    <span>
      <FaArrowRight />
    </span>
  </a>
</div>
`;
