// Jest Snapshot v1, https://goo.gl/fbAQLP

exports[`Menu Should match snapshot 1`] = `
<aside
  className="Menu"
>
  <h1
    className="Menu-header"
  >
    What's 
    <span
      className="Menu-header-span"
    >
      New?
    </span>
  </h1>
  <ul
    className="Menu-ul"
  >
    <li
      className="Menu-li"
      id="local"
      onClick={[Function]}
    >
      <span
        className="Menu-li-span"
      >
        <TiLocationOutline />
      </span>
      Local News
    </li>
    <li
      className="Menu-li"
      id="technology"
      onClick={[Function]}
    >
      <span
        className="Menu-li-span"
      >
        <FaCogs />
      </span>
      Technology
    </li>
    <li
      className="Menu-li"
      id="entertainment"
      onClick={[Function]}
    >
      <span
        className="Menu-li-span"
      >
        <GiTicket />
      </span>
      Entertainment
    </li>
    <li
      className="Menu-li"
      id="science"
      onClick={[Function]}
    >
      <span
        className="Menu-li-span"
      >
        <GiMicroscope />
      </span>
      Science
    </li>
    <li
      className="Menu-li"
      id="health"
      onClick={[Function]}
    >
      <span
        className="Menu-li-span"
      >
        <FaHeartbeat />
      </span>
      Health
    </li>
  </ul>
</aside>
`;
